
> pergunta-certa@0.0.0 build
> vite build

[36mvite v6.4.1 [32mbuilding for production...[36m[39m
transforming...
node.exe : Error: 
Cannot apply unknown 
utility class 
`bg-background-light`
No linha:1 
caractere:1
+ & "C:\Program Files
\nodejs/node.exe" 
"C:\Program 
Files\nodejs/node_mo 
...
+ ~~~~~~~~~~~~~~~~~~~
~~~~~~~~~~~~~~~~~~~~~
~~~~~~~~~~~~~~~~~~~~~
~~~~~~~~
    + CategoryInfo   
           : NotSpe  
  cified: (Error:    
 Cannot a...ckgro    
und-light`:Strin    
g) [], RemoteExc    
eption
    + FullyQualified 
   ErrorId : Native  
  CommandError
 
    at 
onInvalidCandidate (C
:\Users\saaha\Downloa
ds\pergunta-certa\nod
e_modules\tailwindcss
\dist\lib.js:21:1511)
    at Te (C:\Users\s
aaha\Downloads\pergun
ta-certa\node_modules
\tailwindcss\dist\lib
.js:16:36364)
    at C:\Users\saaha
\Downloads\pergunta-c
erta\node_modules\tai
lwindcss\dist\lib.js:
21:355
    at Tr (C:\Users\s
aaha\Downloads\pergun
ta-certa\node_modules
\tailwindcss\dist\lib
.js:3:1718)
    at _ (C:\Users\sa
aha\Downloads\pergunt
a-certa\node_modules\
tailwindcss\dist\lib.
js:3:1377)
    at Se (C:\Users\s
aaha\Downloads\pergun
ta-certa\node_modules
\tailwindcss\dist\lib
.js:21:172)
    at ln (C:\Users\s
aaha\Downloads\pergun
ta-certa\node_modules
\tailwindcss\dist\lib
.js:38:294)
    at async sn (C:\U
sers\saaha\Downloads\
pergunta-certa\node_m
odules\tailwindcss\di
st\lib.js:38:631)
    at async Qr (C:\U
sers\saaha\Downloads\
pergunta-certa\node_m
odules\@tailwindcss\n
ode\dist\index.js:10:
3385)
    at async I (C:\Us
ers\saaha\Downloads\p
ergunta-certa\node_mo
dules\@tailwindcss\po
stcss\dist\index.js:1
0:3978)
[32mÔ£ô[39m 5 modules transformed.
[31mÔ£ù[39m Build 
failed in 645ms
[31merror during 
build:
[31m[vite:css] 
[postcss] 
tailwindcss: C:/Users
/saaha/Downloads/perg
unta-certa/index.css:
1:1: Cannot apply 
unknown utility 
class `bg-background-
light`[31m
file: [36mC:/Users/s
aaha/Downloads/pergun
ta-certa/index.css:1:
0[31m
    at Input.error (C
:\Users\saaha\Downloa
ds\pergunta-certa\nod
e_modules\postcss\lib
\input.js:135:16)
    at Root.error (C:
\Users\saaha\Download
s\pergunta-certa\node
_modules\postcss\lib\
node.js:146:32)
    at Object.Once (C
:\Users\saaha\Downloa
ds\pergunta-certa\nod
e_modules\@tailwindcs
s\postcss\dist\index.
js:10:6912)
    at async 
LazyResult.runAsync (
C:\Users\saaha\Downlo
ads\pergunta-certa\no
de_modules\postcss\li
b\lazy-result.js:293:
11)
    at async 
runPostCSS (file:///C
:/Users/saaha/Downloa
ds/pergunta-certa/nod
e_modules/vite/dist/n
ode/chunks/dep-D4NMHU
TW.js:43853:21)
    at async 
compilePostCSS (file:
///C:/Users/saaha/Dow
nloads/pergunta-certa
/node_modules/vite/di
st/node/chunks/dep-D4
NMHUTW.js:43823:18)
    at async 
compileCSS (file:///C
:/Users/saaha/Downloa
ds/pergunta-certa/nod
e_modules/vite/dist/n
ode/chunks/dep-D4NMHU
TW.js:43678:27)
    at async 
Object.handler (file:
///C:/Users/saaha/Dow
nloads/pergunta-certa
/node_modules/vite/di
st/node/chunks/dep-D4
NMHUTW.js:42994:11)
    at async 
transform (file:///C:
/Users/saaha/Download
s/pergunta-certa/node
_modules/rollup/dist/
es/shared/node-entry.
js:21163:16)
    at async ModuleLo
ader.addModuleSource 
(file:///C:/Users/saa
ha/Downloads/pergunta
-certa/node_modules/r
ollup/dist/es/shared/
node-entry.js:21377:3
6)[39m
